
> react-kavia@0.1.0 start
> react-scripts start

(node:4115) [DEP_WEBPACK_DEV_SERVER_ON_AFTER_SETUP_MIDDLEWARE] DeprecationWarning: 'onAfterSetupMiddleware' option is deprecated. Please use the 'setupMiddlewares' option.
(Use `node --trace-deprecation ...` to show where the warning was created)
(node:4115) [DEP_WEBPACK_DEV_SERVER_ON_BEFORE_SETUP_MIDDLEWARE] DeprecationWarning: 'onBeforeSetupMiddleware' option is deprecated. Please use the 'setupMiddlewares' option.
Starting the development server...

Compiled with warnings.

[eslint] 
src/App.js
  Line 215:13:  The href attribute requires a valid value to be accessible. Provide a valid, navigable address as the href value. If you cannot provide a valid href, but still need the element to resemble a link, use a button and change it with appropriate styles. Learn more: https://github.com/jsx-eslint/eslint-plugin-jsx-a11y/blob/HEAD/docs/rules/anchor-is-valid.md  jsx-a11y/anchor-is-valid
  Line 215:70:  The href attribute requires a valid value to be accessible. Provide a valid, navigable address as the href value. If you cannot provide a valid href, but still need the element to resemble a link, use a button and change it with appropriate styles. Learn more: https://github.com/jsx-eslint/eslint-plugin-jsx-a11y/blob/HEAD/docs/rules/anchor-is-valid.md  jsx-a11y/anchor-is-valid

Search for the keywords to learn more about each warning.
To ignore, add // eslint-disable-next-line to the line before.

WARNING in [eslint] 
src/App.js
  Line 215:13:  The href attribute requires a valid value to be accessible. Provide a valid, navigable address as the href value. If you cannot provide a valid href, but still need the element to resemble a link, use a button and change it with appropriate styles. Learn more: https://github.com/jsx-eslint/eslint-plugin-jsx-a11y/blob/HEAD/docs/rules/anchor-is-valid.md  jsx-a11y/anchor-is-valid
  Line 215:70:  The href attribute requires a valid value to be accessible. Provide a valid, navigable address as the href value. If you cannot provide a valid href, but still need the element to resemble a link, use a button and change it with appropriate styles. Learn more: https://github.com/jsx-eslint/eslint-plugin-jsx-a11y/blob/HEAD/docs/rules/anchor-is-valid.md  jsx-a11y/anchor-is-valid

webpack compiled with 1 warning
Compiling...
Failed to compile.

[eslint] 
src/App.js
  Line 250:17:  'isAuthenticated' is not defined  no-undef
  Line 254:16:  'isAuthenticated' is not defined  no-undef
  Line 265:36:  'isAuthenticated' is not defined  no-undef

Search for the keywords to learn more about each error.
WARNING in [eslint] 
src/App.js
  Line 9:10:    'authUser' is assigned a value but never used                                                                                                                                                                                                                                                                                                                      no-unused-vars
  Line 11:10:   'feedback' is assigned a value but never used                                                                                                                                                                                                                                                                                                                      no-unused-vars
  Line 50:12:   'handleSignup' is defined but never used                                                                                                                                                                                                                                                                                                                           no-unused-vars
  Line 274:13:  The href attribute requires a valid value to be accessible. Provide a valid, navigable address as the href value. If you cannot provide a valid href, but still need the element to resemble a link, use a button and change it with appropriate styles. Learn more: https://github.com/jsx-eslint/eslint-plugin-jsx-a11y/blob/HEAD/docs/rules/anchor-is-valid.md  jsx-a11y/anchor-is-valid
  Line 274:70:  The href attribute requires a valid value to be accessible. Provide a valid, navigable address as the href value. If you cannot provide a valid href, but still need the element to resemble a link, use a button and change it with appropriate styles. Learn more: https://github.com/jsx-eslint/eslint-plugin-jsx-a11y/blob/HEAD/docs/rules/anchor-is-valid.md  jsx-a11y/anchor-is-valid

ERROR in [eslint] 
src/App.js
  Line 250:17:  'isAuthenticated' is not defined  no-undef
  Line 254:16:  'isAuthenticated' is not defined  no-undef
  Line 265:36:  'isAuthenticated' is not defined  no-undef

Search for the keywords to learn more about each error.

webpack compiled with 1 error and 1 warning
Compiling...
Failed to compile.

[eslint] 
src/App.js
  Line 254:17:  'isAuthenticated' is not defined  no-undef
  Line 258:16:  'isAuthenticated' is not defined  no-undef
  Line 269:36:  'isAuthenticated' is not defined  no-undef

Search for the keywords to learn more about each error.
WARNING in [eslint] 
src/App.js
  Line 9:10:    'authUser' is assigned a value but never used                                                                                                                                                                                                                                                                                                                      no-unused-vars
  Line 11:10:   'feedback' is assigned a value but never used                                                                                                                                                                                                                                                                                                                      no-unused-vars
  Line 50:12:   'handleSignup' is defined but never used                                                                                                                                                                                                                                                                                                                           no-unused-vars
  Line 278:13:  The href attribute requires a valid value to be accessible. Provide a valid, navigable address as the href value. If you cannot provide a valid href, but still need the element to resemble a link, use a button and change it with appropriate styles. Learn more: https://github.com/jsx-eslint/eslint-plugin-jsx-a11y/blob/HEAD/docs/rules/anchor-is-valid.md  jsx-a11y/anchor-is-valid
  Line 278:70:  The href attribute requires a valid value to be accessible. Provide a valid, navigable address as the href value. If you cannot provide a valid href, but still need the element to resemble a link, use a button and change it with appropriate styles. Learn more: https://github.com/jsx-eslint/eslint-plugin-jsx-a11y/blob/HEAD/docs/rules/anchor-is-valid.md  jsx-a11y/anchor-is-valid

ERROR in [eslint] 
src/App.js
  Line 254:17:  'isAuthenticated' is not defined  no-undef
  Line 258:16:  'isAuthenticated' is not defined  no-undef
  Line 269:36:  'isAuthenticated' is not defined  no-undef

Search for the keywords to learn more about each error.

webpack compiled with 1 error and 1 warning
Compiling...
Failed to compile.

[eslint] 
src/App.js
  Line 270:17:  'isAuthenticated' is not defined  no-undef
  Line 274:16:  'isAuthenticated' is not defined  no-undef
  Line 285:36:  'isAuthenticated' is not defined  no-undef

Search for the keywords to learn more about each error.
WARNING in [eslint] 
src/App.js
  Line 9:10:    'authUser' is assigned a value but never used                                                                                                                                                                                                                                                                                                                      no-unused-vars
  Line 50:12:   'handleSignup' is defined but never used                                                                                                                                                                                                                                                                                                                           no-unused-vars
  Line 294:13:  The href attribute requires a valid value to be accessible. Provide a valid, navigable address as the href value. If you cannot provide a valid href, but still need the element to resemble a link, use a button and change it with appropriate styles. Learn more: https://github.com/jsx-eslint/eslint-plugin-jsx-a11y/blob/HEAD/docs/rules/anchor-is-valid.md  jsx-a11y/anchor-is-valid
  Line 294:70:  The href attribute requires a valid value to be accessible. Provide a valid, navigable address as the href value. If you cannot provide a valid href, but still need the element to resemble a link, use a button and change it with appropriate styles. Learn more: https://github.com/jsx-eslint/eslint-plugin-jsx-a11y/blob/HEAD/docs/rules/anchor-is-valid.md  jsx-a11y/anchor-is-valid

ERROR in [eslint] 
src/App.js
  Line 270:17:  'isAuthenticated' is not defined  no-undef
  Line 274:16:  'isAuthenticated' is not defined  no-undef
  Line 285:36:  'isAuthenticated' is not defined  no-undef

Search for the keywords to learn more about each error.

webpack compiled with 1 error and 1 warning
Compiling...
Failed to compile.

[eslint] 
src/App.js
  Line 303:17:  'isAuthenticated' is not defined  no-undef
  Line 307:16:  'isAuthenticated' is not defined  no-undef
  Line 318:36:  'isAuthenticated' is not defined  no-undef

Search for the keywords to learn more about each error.
WARNING in [eslint] 
src/App.js
  Line 9:10:    'authUser' is assigned a value but never used                                                                                                                                                                                                                                                                                                                      no-unused-vars
  Line 220:12:  'SignupPage' is defined but never used                                                                                                                                                                                                                                                                                                                             no-unused-vars
  Line 327:13:  The href attribute requires a valid value to be accessible. Provide a valid, navigable address as the href value. If you cannot provide a valid href, but still need the element to resemble a link, use a button and change it with appropriate styles. Learn more: https://github.com/jsx-eslint/eslint-plugin-jsx-a11y/blob/HEAD/docs/rules/anchor-is-valid.md  jsx-a11y/anchor-is-valid
  Line 327:70:  The href attribute requires a valid value to be accessible. Provide a valid, navigable address as the href value. If you cannot provide a valid href, but still need the element to resemble a link, use a button and change it with appropriate styles. Learn more: https://github.com/jsx-eslint/eslint-plugin-jsx-a11y/blob/HEAD/docs/rules/anchor-is-valid.md  jsx-a11y/anchor-is-valid

ERROR in [eslint] 
src/App.js
  Line 303:17:  'isAuthenticated' is not defined  no-undef
  Line 307:16:  'isAuthenticated' is not defined  no-undef
  Line 318:36:  'isAuthenticated' is not defined  no-undef

Search for the keywords to learn more about each error.

webpack compiled with 1 error and 1 warning
Compiling...
Failed to compile.

[eslint] 
src/App.js
  Line 322:36:  'isAuthenticated' is not defined  no-undef

Search for the keywords to learn more about each error.
WARNING in [eslint] 
src/App.js
  Line 220:12:  'SignupPage' is defined but never used                                                                                                                                                                                                                                                                                                                             no-unused-vars
  Line 331:13:  The href attribute requires a valid value to be accessible. Provide a valid, navigable address as the href value. If you cannot provide a valid href, but still need the element to resemble a link, use a button and change it with appropriate styles. Learn more: https://github.com/jsx-eslint/eslint-plugin-jsx-a11y/blob/HEAD/docs/rules/anchor-is-valid.md  jsx-a11y/anchor-is-valid
  Line 331:70:  The href attribute requires a valid value to be accessible. Provide a valid, navigable address as the href value. If you cannot provide a valid href, but still need the element to resemble a link, use a button and change it with appropriate styles. Learn more: https://github.com/jsx-eslint/eslint-plugin-jsx-a11y/blob/HEAD/docs/rules/anchor-is-valid.md  jsx-a11y/anchor-is-valid

ERROR in [eslint] 
src/App.js
  Line 322:36:  'isAuthenticated' is not defined  no-undef

Search for the keywords to learn more about each error.

webpack compiled with 1 error and 1 warning
Compiling...
Compiled with warnings.

[eslint] 
src/App.js
  Line 332:13:  The href attribute requires a valid value to be accessible. Provide a valid, navigable address as the href value. If you cannot provide a valid href, but still need the element to resemble a link, use a button and change it with appropriate styles. Learn more: https://github.com/jsx-eslint/eslint-plugin-jsx-a11y/blob/HEAD/docs/rules/anchor-is-valid.md  jsx-a11y/anchor-is-valid
  Line 332:70:  The href attribute requires a valid value to be accessible. Provide a valid, navigable address as the href value. If you cannot provide a valid href, but still need the element to resemble a link, use a button and change it with appropriate styles. Learn more: https://github.com/jsx-eslint/eslint-plugin-jsx-a11y/blob/HEAD/docs/rules/anchor-is-valid.md  jsx-a11y/anchor-is-valid

Search for the keywords to learn more about each warning.
To ignore, add // eslint-disable-next-line to the line before.

WARNING in [eslint] 
src/App.js
  Line 332:13:  The href attribute requires a valid value to be accessible. Provide a valid, navigable address as the href value. If you cannot provide a valid href, but still need the element to resemble a link, use a button and change it with appropriate styles. Learn more: https://github.com/jsx-eslint/eslint-plugin-jsx-a11y/blob/HEAD/docs/rules/anchor-is-valid.md  jsx-a11y/anchor-is-valid
  Line 332:70:  The href attribute requires a valid value to be accessible. Provide a valid, navigable address as the href value. If you cannot provide a valid href, but still need the element to resemble a link, use a button and change it with appropriate styles. Learn more: https://github.com/jsx-eslint/eslint-plugin-jsx-a11y/blob/HEAD/docs/rules/anchor-is-valid.md  jsx-a11y/anchor-is-valid

webpack compiled with 1 warning
